[www.benchmarkexim.com/index.html]
[stackpath.bootstrapcdn.com/bootstrap/4.3.1/css/bootstrap.min.css]
[cdnjs.cloudflare.com/ajax/libs/animate.css/3.7.2/animate.min.css]
[backblue.gif]
[fade.gif]
[index.html]
[www.benchmarkexim.com/index.html]
[www.benchmarkexim.com/img/logo-on-top.png]
[www.benchmarkexim.com/international-trade.html]
[www.benchmarkexim.com/domestic-trade.html]
[www.benchmarkexim.com/business-counseling.html]
[www.benchmarkexim.com/about.html]
[www.benchmarkexim.com/careers.html]
[www.benchmarkexim.com/contact.html]
[www.benchmarkexim.com/img/hero-image.png]
[www.benchmarkexim.com/img/internation-trade-image.png]
[www.benchmarkexim.com/img/domestic-trade-image.png]
[www.benchmarkexim.com/img/business-counseling-image.png]
[www.benchmarkexim.com/img/world-map.png]
[www.benchmarkexim.com/img/ship-image.png]
[www.benchmarkexim.com/img/facebook.png]
[www.benchmarkexim.com/img/linkedin.png]
[www.benchmarkexim.com/img/instagram.png]
[www.benchmarkexim.com/img/medium.png]
[code.jquery.com/jquery-3.4.1.min.js]
[cdnjs.cloudflare.com/ajax/libs/popper.js/1.14.7/umd/popper.min.js]
[stackpath.bootstrapcdn.com/bootstrap/4.3.1/js/bootstrap.min.js]
[www.benchmarkexim.com/js/action.js]
[wchat.freshchat.com/js/widget.js]
[www.benchmarkexim.com/index.html]
[stackpath.bootstrapcdn.com/bootstrap/4.3.1/css/bootstrap.min.css]
[cdnjs.cloudflare.com/ajax/libs/animate.css/3.7.2/animate.min.css]
[www.benchmarkexim.com/fonts/MaterialIcons-Regular.woff2]
[www.benchmarkexim.com/fonts/MaterialIcons-Regular.woff]
[www.benchmarkexim.com/fonts/MaterialIcons-Regular.ttf]
[www.benchmarkexim.com/css/material-icons.css]
[rsms.me/inter/inter.css]
[www.benchmarkexim.com/css/style.css]
[www.benchmarkexim.com/index.html]
[www.benchmarkexim.com/img/it/Iron-ore.png]
[www.benchmarkexim.com/img/it/Copper.png]
[www.benchmarkexim.com/img/it/Bronze.png]
[www.benchmarkexim.com/img/it/Brass.png]
[www.benchmarkexim.com/img/it/more-s.png]
[www.benchmarkexim.com/img/it/pepper.png]
[www.benchmarkexim.com/img/it/Cardamom.png]
[www.benchmarkexim.com/img/it/Ginger.png]
[www.benchmarkexim.com/img/it/Turmeric.png]
[www.benchmarkexim.com/img/it/Cumin.png]
[www.benchmarkexim.com/img/it/Fennel.png]
[www.benchmarkexim.com/img/it/Fenugreek.png]
[www.benchmarkexim.com/img/it/DillSeed.png]
[www.benchmarkexim.com/img/it/Tamarind.png]
[www.benchmarkexim.com/img/it/Clove.png]
[www.benchmarkexim.com/img/it/Nutmeg.png]
[www.benchmarkexim.com/img/it/Rapeseed.png]
[www.benchmarkexim.com/img/it/Eucalyptus.png]
[www.benchmarkexim.com/img/it/Lychee.png]
[www.benchmarkexim.com/img/it/Sunflower.png]
[www.benchmarkexim.com/img/it/Karanj.png]
[www.benchmarkexim.com/img/it/Himalayan.png]
[www.benchmarkexim.com/img/it/Acacia.png]
[www.benchmarkexim.com/img/it/package.png]
[www.benchmarkexim.com/img/it/meat.png]
[www.benchmarkexim.com/img/process/ip.jpg]
[www.benchmarkexim.com/img/process/ip-mob.jpg]
[www.benchmarkexim.com/international-trade.html]
[www.benchmarkexim.com/img/dt/fruit-vegetables.jpg]
[www.benchmarkexim.com/img/process/dp.jpg]
[www.benchmarkexim.com/img/process/dp-mob.jpg]
[www.benchmarkexim.com/domestic-trade.html]
[www.benchmarkexim.com/img/bc/business.jpg]
[www.benchmarkexim.com/img/business-people.jpg]
[www.benchmarkexim.com/img/process/bp.jpg]
[www.benchmarkexim.com/img/process/bp-mob.jpg]
[www.benchmarkexim.com/business-counseling.html]
[www.benchmarkexim.com/img/Benchmark.png]
[www.benchmarkexim.com/img/ranjith.png]
[www.benchmarkexim.com/about.html]
[www.benchmarkexim.com/business-development-executive.html]
[www.benchmarkexim.com/international-marketing-executive.html]
[www.benchmarkexim.com/careers.html]
[www.benchmarkexim.com/contact.html]
[www.benchmarkexim.com/img/arrow.svg]
[www.benchmarkexim.com/css/fonts/MaterialIcons-Regular.html]
[rsms.me/inter/font-files/Inter-Thin6f8e.woff2]
[rsms.me/inter/font-files/Inter-Thin6f8e.woff]
[rsms.me/inter/font-files/Inter-ThinItalic6f8e.woff2]
[rsms.me/inter/font-files/Inter-ThinItalic6f8e.woff]
[rsms.me/inter/font-files/Inter-ExtraLight6f8e.woff2]
[rsms.me/inter/font-files/Inter-ExtraLight6f8e.woff]
[rsms.me/inter/font-files/Inter-ExtraLightItalic6f8e.woff2]
[rsms.me/inter/font-files/Inter-ExtraLightItalic6f8e.woff]
[rsms.me/inter/font-files/Inter-Light6f8e.woff2]
[rsms.me/inter/font-files/Inter-Light6f8e.woff]
[rsms.me/inter/font-files/Inter-LightItalic6f8e.woff2]
[rsms.me/inter/font-files/Inter-LightItalic6f8e.woff]
[rsms.me/inter/font-files/Inter-Regular6f8e.woff2]
[rsms.me/inter/font-files/Inter-Regular6f8e.woff]
[rsms.me/inter/font-files/Inter-Italic6f8e.woff2]
[rsms.me/inter/font-files/Inter-Italic6f8e.woff]
[rsms.me/inter/font-files/Inter-Medium6f8e.woff2]
[rsms.me/inter/font-files/Inter-Medium6f8e.woff]
[rsms.me/inter/font-files/Inter-MediumItalic6f8e.woff2]
[rsms.me/inter/font-files/Inter-MediumItalic6f8e.woff]
[rsms.me/inter/font-files/Inter-SemiBold6f8e.woff2]
[rsms.me/inter/font-files/Inter-SemiBold6f8e.woff]
[rsms.me/inter/font-files/Inter-SemiBoldItalic6f8e.woff2]
[rsms.me/inter/font-files/Inter-SemiBoldItalic6f8e.woff]
[rsms.me/inter/font-files/Inter-Bold6f8e.woff2]
[rsms.me/inter/font-files/Inter-Bold6f8e.woff]
[rsms.me/inter/font-files/Inter-BoldItalic6f8e.woff2]
[rsms.me/inter/font-files/Inter-BoldItalic6f8e.woff]
[rsms.me/inter/font-files/Inter-ExtraBold6f8e.woff2]
[rsms.me/inter/font-files/Inter-ExtraBold6f8e.woff]
[rsms.me/inter/font-files/Inter-ExtraBoldItalic6f8e.woff2]
[rsms.me/inter/font-files/Inter-ExtraBoldItalic6f8e.woff]
[rsms.me/inter/font-files/Inter-Black6f8e.woff2]
[rsms.me/inter/font-files/Inter-Black6f8e.woff]
[rsms.me/inter/font-files/Inter-BlackItalic6f8e.woff2]
[rsms.me/inter/font-files/Inter-BlackItalic6f8e.woff]
[rsms.me/inter/font-files/Inter-roman.var6f8e.woff2]
[rsms.me/inter/font-files/Inter-italic.var6f8e.woff2]
[rsms.me/inter/font-files/Inter.var6f8e.woff2]
[rsms.me/inter/inter.css]
[www.benchmarkexim.com/img/it/freight.svg]
[www.benchmarkexim.com/img/it/Logistic.svg]
[www.benchmarkexim.com/img/it/warehouse.svg]
[www.benchmarkexim.com/img/it/customer-service.svg]
[www.benchmarkexim.com/img/dt/farmer.svg]
[www.benchmarkexim.com/business-development-executive.html]
[www.benchmarkexim.com/international-marketing-executive.html]
